Filtering the log data using "(process == "kernel" AND (composedMessage CONTAINS[c] "Sandbox:" OR composedMessage CONTAINS[c] "deny(")) OR process == "sandboxd" OR process == "amfid""
Timestamp               Ty Process[PID:TID]
2025-12-19 07:12:54.042 E  kernel[0:fe5b80] (Sandbox) Sandbox: bash(60100) deny(1) process-exec* /Users/achyland/Library/Containers/com.yourteam.entitlement-jail/Data/jail_stage/entitlement-diff/c7c4fdfb854b7ca0/file_probe
2025-12-19 07:12:54.044 A  sandboxd[65126:fe58fd] request approval
2025-12-19 07:12:54.044 Db sandboxd[65126:fe58fd] [com.apple.sandbox:sandcastle] checking kTCCServiceSystemPolicyAllFiles for Python
2025-12-19 07:12:54.044 A  sandboxd[65126:fe58fd] (TCC) tcc_send_request_authorization() IPC
2025-12-19 07:12:54.044 Df sandboxd[65126:fe58fd] [com.apple.xpc:connection] [0x14290a210] activating connection: mach=true listener=false peer=false name=com.apple.tccd.system
2025-12-19 07:12:54.045 I  sandboxd[65126:fe58fd] [com.apple.TCC:access] SEND: 0/7 synchronous to com.apple.tccd.system: request: msgID=65126.9638, function=TCCAccessRequest, service=kTCCServiceSystemPolicyAllFiles,
2025-12-19 07:12:54.070 I  sandboxd[65126:fe58fd] [com.apple.TCC:access] RECV: synchronous reply <dictionary: 0x141622360> { count = 5, transaction: 0, voucher = 0x0, contents =
	"prompt_type" => <uint64: 0x87168d85d8c110b7>: 1
	"auth_value" => <uint64: 0x87168d85d8c110af>: 2
	"result" => <bool: 0x1f6585c70>: true
	"auth_version" => <uint64: 0x87168d85d8c110b7>: 1
	"auth_reason" => <uint64: 0x87168d85d8c1109f>: 4
}
2025-12-19 07:12:54.070 Db sandboxd[65126:fe58fd] [com.apple.TCC:access] disposing: 0x14164bb40(OS_tcc_authorization_record)
2025-12-19 07:12:54.070 Df sandboxd[65126:fe58fd] [com.apple.xpc:connection] [0x14290a210] invalidated after the last release of the connection object
2025-12-19 07:12:54.070 Db sandboxd[65126:fe58fd] [com.apple.TCC:access] disposing: 0x142909ce0(OS_tcc_message_options)
2025-12-19 07:12:54.070 Db sandboxd[65126:fe58fd] [com.apple.TCC:access] disposing: 0x1429096d0(OS_tcc_credential)
2025-12-19 07:12:54.070 Db sandboxd[65126:fe58fd] [com.apple.TCC:access] disposing: 0x142909060(OS_tcc_server)
2025-12-19 07:12:54.070 A  sandboxd[65126:fe58fd] request approval
2025-12-19 07:12:54.070 Db sandboxd[65126:fe58fd] [com.apple.sandbox:sandcastle] checking kTCCServiceSystemPolicyAllFiles for Python
2025-12-19 07:12:54.070 A  sandboxd[65126:fe58fd] (TCC) tcc_send_request_authorization() IPC
2025-12-19 07:12:54.070 Df sandboxd[65126:fe58fd] [com.apple.xpc:connection] [0x1428184e0] activating connection: mach=true listener=false peer=false name=com.apple.tccd.system
2025-12-19 07:12:54.071 I  sandboxd[65126:fe58fd] [com.apple.TCC:access] SEND: 0/7 synchronous to com.apple.tccd.system: request: msgID=65126.9639, function=TCCAccessRequest, service=kTCCServiceSystemPolicyAllFiles,
2025-12-19 07:12:54.084 I  sandboxd[65126:fe58fd] [com.apple.TCC:access] RECV: synchronous reply <dictionary: 0x142c14d00> { count = 5, transaction: 0, voucher = 0x0, contents =
	"prompt_type" => <uint64: 0x87168d85d8c110b7>: 1
	"auth_value" => <uint64: 0x87168d85d8c110af>: 2
	"result" => <bool: 0x1f6585c70>: true
	"auth_version" => <uint64: 0x87168d85d8c110b7>: 1
	"auth_reason" => <uint64: 0x87168d85d8c1109f>: 4
}
2025-12-19 07:12:54.084 Db sandboxd[65126:fe58fd] [com.apple.TCC:access] disposing: 0x142c15090(OS_tcc_authorization_record)
2025-12-19 07:12:54.084 Df sandboxd[65126:fe58fd] [com.apple.xpc:connection] [0x1428184e0] invalidated after the last release of the connection object
2025-12-19 07:12:54.084 Db sandboxd[65126:fe58fd] [com.apple.TCC:access] disposing: 0x14280d9a0(OS_tcc_message_options)
2025-12-19 07:12:54.084 Db sandboxd[65126:fe58fd] [com.apple.TCC:access] disposing: 0x14280d930(OS_tcc_credential)
2025-12-19 07:12:54.084 Db sandboxd[65126:fe58fd] [com.apple.TCC:access] disposing: 0x14280d530(OS_tcc_server)
2025-12-19 07:12:54.085 A  sandboxd[65126:fe58fd] request approval
2025-12-19 07:12:54.085 Db sandboxd[65126:fe58fd] [com.apple.sandbox:sandcastle] checking kTCCServiceSystemPolicyAllFiles for Python
2025-12-19 07:12:54.085 A  sandboxd[65126:fe58fd] (TCC) tcc_send_request_authorization() IPC
2025-12-19 07:12:54.085 Df sandboxd[65126:fe58fd] [com.apple.xpc:connection] [0x142a06eb0] activating connection: mach=true listener=false peer=false name=com.apple.tccd.system
2025-12-19 07:12:54.085 I  sandboxd[65126:fe58fd] [com.apple.TCC:access] SEND: 0/7 synchronous to com.apple.tccd.system: request: msgID=65126.9640, function=TCCAccessRequest, service=kTCCServiceSystemPolicyAllFiles,
2025-12-19 07:12:54.097 I  sandboxd[65126:fe58fd] [com.apple.TCC:access] RECV: synchronous reply <dictionary: 0x142c14d00> { count = 5, transaction: 0, voucher = 0x0, contents =
	"prompt_type" => <uint64: 0x87168d85d8c110b7>: 1
	"auth_value" => <uint64: 0x87168d85d8c110af>: 2
	"result" => <bool: 0x1f6585c70>: true
	"auth_version" => <uint64: 0x87168d85d8c110b7>: 1
	"auth_reason" => <uint64: 0x87168d85d8c1109f>: 4
}
2025-12-19 07:12:54.097 Db sandboxd[65126:fe58fd] [com.apple.TCC:access] disposing: 0x142c15090(OS_tcc_authorization_record)
2025-12-19 07:12:54.097 Df sandboxd[65126:fe58fd] [com.apple.xpc:connection] [0x142a06eb0] invalidated after the last release of the connection object
2025-12-19 07:12:54.097 Db sandboxd[65126:fe58fd] [com.apple.TCC:access] disposing: 0x142a09d50(OS_tcc_message_options)
2025-12-19 07:12:54.097 Db sandboxd[65126:fe58fd] [com.apple.TCC:access] disposing: 0x142a0d090(OS_tcc_credential)
2025-12-19 07:12:54.097 Db sandboxd[65126:fe58fd] [com.apple.TCC:access] disposing: 0x142a0b9e0(OS_tcc_server)
2025-12-19 07:12:54.098 A  sandboxd[65126:fe58fd] request approval
2025-12-19 07:12:54.098 Db sandboxd[65126:fe58fd] [com.apple.sandbox:sandcastle] checking kTCCServiceSystemPolicyAllFiles for Python
2025-12-19 07:12:54.098 A  sandboxd[65126:fe58fd] (TCC) tcc_send_request_authorization() IPC
2025-12-19 07:12:54.098 Df sandboxd[65126:fe58fd] [com.apple.xpc:connection] [0x142c160b0] activating connection: mach=true listener=false peer=false name=com.apple.tccd.system
2025-12-19 07:12:54.098 I  sandboxd[65126:fe58fd] [com.apple.TCC:access] SEND: 0/7 synchronous to com.apple.tccd.system: request: msgID=65126.9641, function=TCCAccessRequest, service=kTCCServiceSystemPolicyAllFiles,
2025-12-19 07:12:54.109 I  sandboxd[65126:fe58fd] [com.apple.TCC:access] RECV: synchronous reply <dictionary: 0x142c16470> { count = 5, transaction: 0, voucher = 0x0, contents =
	"prompt_type" => <uint64: 0x87168d85d8c110b7>: 1
	"auth_value" => <uint64: 0x87168d85d8c110af>: 2
	"result" => <bool: 0x1f6585c70>: true
	"auth_version" => <uint64: 0x87168d85d8c110b7>: 1
	"auth_reason" => <uint64: 0x87168d85d8c1109f>: 4
}
2025-12-19 07:12:54.109 Db sandboxd[65126:fe58fd] [com.apple.TCC:access] disposing: 0x142c16560(OS_tcc_authorization_record)
2025-12-19 07:12:54.109 Df sandboxd[65126:fe58fd] [com.apple.xpc:connection] [0x142c160b0] invalidated after the last release of the connection object
2025-12-19 07:12:54.109 Db sandboxd[65126:fe58fd] [com.apple.TCC:access] disposing: 0x142c14ef0(OS_tcc_message_options)
2025-12-19 07:12:54.109 Db sandboxd[65126:fe58fd] [com.apple.TCC:access] disposing: 0x142c14e80(OS_tcc_credential)
2025-12-19 07:12:54.109 Db sandboxd[65126:fe58fd] [com.apple.TCC:access] disposing: 0x142c14a60(OS_tcc_server)
