Filtering the log data using "(process == "kernel" AND (composedMessage CONTAINS[c] "Sandbox:" OR composedMessage CONTAINS[c] "deny(")) OR process == "sandboxd" OR process == "amfid""
Timestamp               Ty Process[PID:TID]
2025-12-19 07:12:52.190 E  kernel[0:fe5b32] (Sandbox) Sandbox: bash(60089) deny(1) process-exec* /Users/achyland/Library/Containers/com.yourteam.entitlement-jail/Data/jail_stage/entitlement-diff/c7c4fdfb854b7ca0/relocated_true_c7c4fdfb854b7ca0
2025-12-19 07:12:52.193 A  sandboxd[65126:fe58fd] request approval
2025-12-19 07:12:52.193 Db sandboxd[65126:fe58fd] [com.apple.sandbox:sandcastle] checking kTCCServiceSystemPolicyAllFiles for Python
2025-12-19 07:12:52.193 A  sandboxd[65126:fe58fd] (TCC) tcc_send_request_authorization() IPC
2025-12-19 07:12:52.193 Df sandboxd[65126:fe58fd] [com.apple.xpc:connection] [0x141622360] activating connection: mach=true listener=false peer=false name=com.apple.tccd.system
2025-12-19 07:12:52.193 I  sandboxd[65126:fe58fd] [com.apple.TCC:access] SEND: 0/7 synchronous to com.apple.tccd.system: request: msgID=65126.9634, function=TCCAccessRequest, service=kTCCServiceSystemPolicyAllFiles,
2025-12-19 07:12:52.222 I  sandboxd[65126:fe58fd] [com.apple.TCC:access] RECV: synchronous reply <dictionary: 0x142a27090> { count = 5, transaction: 0, voucher = 0x0, contents =
	"prompt_type" => <uint64: 0x87168d85d8c110b7>: 1
	"auth_value" => <uint64: 0x87168d85d8c110af>: 2
	"result" => <bool: 0x1f6585c70>: true
	"auth_version" => <uint64: 0x87168d85d8c110b7>: 1
	"auth_reason" => <uint64: 0x87168d85d8c1109f>: 4
}
2025-12-19 07:12:52.223 Db sandboxd[65126:fe58fd] [com.apple.TCC:access] disposing: 0x142a06f30(OS_tcc_authorization_record)
2025-12-19 07:12:52.223 Df sandboxd[65126:fe58fd] [com.apple.xpc:connection] [0x141622360] invalidated after the last release of the connection object
2025-12-19 07:12:52.223 Db sandboxd[65126:fe58fd] [com.apple.TCC:access] disposing: 0x141638760(OS_tcc_message_options)
2025-12-19 07:12:52.223 Db sandboxd[65126:fe58fd] [com.apple.TCC:access] disposing: 0x1416448f0(OS_tcc_credential)
2025-12-19 07:12:52.223 Db sandboxd[65126:fe58fd] [com.apple.TCC:access] disposing: 0x14165b2f0(OS_tcc_server)
2025-12-19 07:12:52.223 A  sandboxd[65126:fe53e3] request approval
2025-12-19 07:12:52.223 Db sandboxd[65126:fe53e3] [com.apple.sandbox:sandcastle] checking kTCCServiceSystemPolicyAllFiles for Python
2025-12-19 07:12:52.223 A  sandboxd[65126:fe53e3] (TCC) tcc_send_request_authorization() IPC
2025-12-19 07:12:52.223 Df sandboxd[65126:fe53e3] [com.apple.xpc:connection] [0x142c15f40] activating connection: mach=true listener=false peer=false name=com.apple.tccd.system
2025-12-19 07:12:52.225 I  sandboxd[65126:fe53e3] [com.apple.TCC:access] SEND: 0/7 synchronous to com.apple.tccd.system: request: msgID=65126.9635, function=TCCAccessRequest, service=kTCCServiceSystemPolicyAllFiles,
2025-12-19 07:12:52.248 I  sandboxd[65126:fe53e3] [com.apple.TCC:access] RECV: synchronous reply <dictionary: 0x142c16300> { count = 5, transaction: 0, voucher = 0x0, contents =
	"prompt_type" => <uint64: 0x87168d85d8c110b7>: 1
	"auth_value" => <uint64: 0x87168d85d8c110af>: 2
	"result" => <bool: 0x1f6585c70>: true
	"auth_version" => <uint64: 0x87168d85d8c110b7>: 1
	"auth_reason" => <uint64: 0x87168d85d8c1109f>: 4
}
2025-12-19 07:12:52.248 Db sandboxd[65126:fe53e3] [com.apple.TCC:access] disposing: 0x142c163f0(OS_tcc_authorization_record)
2025-12-19 07:12:52.248 Df sandboxd[65126:fe53e3] [com.apple.xpc:connection] [0x142c15f40] invalidated after the last release of the connection object
2025-12-19 07:12:52.248 Db sandboxd[65126:fe53e3] [com.apple.TCC:access] disposing: 0x142c15400(OS_tcc_message_options)
2025-12-19 07:12:52.248 Db sandboxd[65126:fe53e3] [com.apple.TCC:access] disposing: 0x142c15730(OS_tcc_credential)
2025-12-19 07:12:52.248 Db sandboxd[65126:fe53e3] [com.apple.TCC:access] disposing: 0x142c156e0(OS_tcc_server)
2025-12-19 07:12:52.248 A  sandboxd[65126:fe58fd] request approval
2025-12-19 07:12:52.248 Db sandboxd[65126:fe58fd] [com.apple.sandbox:sandcastle] checking kTCCServiceSystemPolicyAllFiles for Python
2025-12-19 07:12:52.249 A  sandboxd[65126:fe58fd] (TCC) tcc_send_request_authorization() IPC
2025-12-19 07:12:52.249 Df sandboxd[65126:fe58fd] [com.apple.xpc:connection] [0x142a06eb0] activating connection: mach=true listener=false peer=false name=com.apple.tccd.system
2025-12-19 07:12:52.249 I  sandboxd[65126:fe58fd] [com.apple.TCC:access] SEND: 0/7 synchronous to com.apple.tccd.system: request: msgID=65126.9636, function=TCCAccessRequest, service=kTCCServiceSystemPolicyAllFiles,
2025-12-19 07:12:52.269 I  sandboxd[65126:fe58fd] [com.apple.TCC:access] RECV: synchronous reply <dictionary: 0x142a06b50> { count = 5, transaction: 0, voucher = 0x0, contents =
	"prompt_type" => <uint64: 0x87168d85d8c110b7>: 1
	"auth_value" => <uint64: 0x87168d85d8c110af>: 2
	"result" => <bool: 0x1f6585c70>: true
	"auth_version" => <uint64: 0x87168d85d8c110b7>: 1
	"auth_reason" => <uint64: 0x87168d85d8c1109f>: 4
}
2025-12-19 07:12:52.269 Db sandboxd[65126:fe58fd] [com.apple.TCC:access] disposing: 0x142a07360(OS_tcc_authorization_record)
2025-12-19 07:12:52.269 Df sandboxd[65126:fe58fd] [com.apple.xpc:connection] [0x142a06eb0] invalidated after the last release of the connection object
2025-12-19 07:12:52.269 Db sandboxd[65126:fe58fd] [com.apple.TCC:access] disposing: 0x142a0d610(OS_tcc_message_options)
2025-12-19 07:12:52.269 Db sandboxd[65126:fe58fd] [com.apple.TCC:access] disposing: 0x142a09360(OS_tcc_credential)
2025-12-19 07:12:52.269 Db sandboxd[65126:fe58fd] [com.apple.TCC:access] disposing: 0x142a0a7e0(OS_tcc_server)
2025-12-19 07:12:52.269 A  sandboxd[65126:fe58fd] request approval
2025-12-19 07:12:52.269 Db sandboxd[65126:fe58fd] [com.apple.sandbox:sandcastle] checking kTCCServiceSystemPolicyAllFiles for Python
2025-12-19 07:12:52.269 A  sandboxd[65126:fe58fd] (TCC) tcc_send_request_authorization() IPC
2025-12-19 07:12:52.269 Df sandboxd[65126:fe58fd] [com.apple.xpc:connection] [0x142c14d00] activating connection: mach=true listener=false peer=false name=com.apple.tccd.system
2025-12-19 07:12:52.270 I  sandboxd[65126:fe58fd] [com.apple.TCC:access] SEND: 0/7 synchronous to com.apple.tccd.system: request: msgID=65126.9637, function=TCCAccessRequest, service=kTCCServiceSystemPolicyAllFiles,
2025-12-19 07:12:52.292 I  sandboxd[65126:fe58fd] [com.apple.TCC:access] RECV: synchronous reply <dictionary: 0x142c15680> { count = 5, transaction: 0, voucher = 0x0, contents =
	"prompt_type" => <uint64: 0x87168d85d8c110b7>: 1
	"auth_value" => <uint64: 0x87168d85d8c110af>: 2
	"result" => <bool: 0x1f6585c70>: true
	"auth_version" => <uint64: 0x87168d85d8c110b7>: 1
	"auth_reason" => <uint64: 0x87168d85d8c1109f>: 4
}
2025-12-19 07:12:52.292 Db sandboxd[65126:fe58fd] [com.apple.TCC:access] disposing: 0x142c15990(OS_tcc_authorization_record)
2025-12-19 07:12:52.292 Df sandboxd[65126:fe58fd] [com.apple.xpc:connection] [0x142c14d00] invalidated after the last release of the connection object
2025-12-19 07:12:52.292 Db sandboxd[65126:fe58fd] [com.apple.TCC:access] disposing: 0x142d04c40(OS_tcc_message_options)
2025-12-19 07:12:52.292 Db sandboxd[65126:fe58fd] [com.apple.TCC:access] disposing: 0x142d04bd0(OS_tcc_credential)
2025-12-19 07:12:52.292 Db sandboxd[65126:fe58fd] [com.apple.TCC:access] disposing: 0x142d04b80(OS_tcc_server)
